{
  "pinFldPoid" : {
    "databaseNumber" : 1,
    "objectType" : "/account",
    "objectId" : -1,
    "objectRevision" : 0
  },
  "pinFldIntVal" : 1,
  "pinFldProgramName" : "program",
  "pinFldPayinfo" : [ {
    "pinFldPoid" : {
      "databaseNumber" : 1,
      "objectType" : "/account",
      "objectId" : -1,
      "objectRevision" : 0
    },
    "pinFldInheritedInfo" : {
      "pinFldCcInfo" : [ {
        "pinFldDebitExp" : "XXXX",
        "pinFldResidenceFlag" : 1,
        "pinFldAmount" : "1.1",
        "pinFldDueDateT" : "2020-06-03",
        "pinFldProviderIpaddr" : "yIWTk5Y=",
        "pinFldBuffer" : "AQIDBAU="
      } ]
    }
  } ]
}